Usage: gskill init [flags]

Initialize local gskill state (.gskill, .agents/skills, gitignore).

Examples:

    gskill init
    gskill init --lock
    gskill -C path/to/repo init

Flags:
  -h, --help              Show context-sensitive help.
      --json              Emit machine-readable JSON on stdout.
      --quiet             Suppress diagnostics on stderr.
      --no-interactive    Disable prompts and colored output.
      --yes               Assume yes for confirmation prompts.
      --offline           Operate without network access.
      --no-cache          Bypass the content cache.
      --dry-run           Report actions without applying them.
      --config=STRING     Path to a config file.
  -v, --verbose           Enable verbose diagnostics.
  -C, --dir=STRING        Run as if gskill started in this directory.

      --lock              Also create an empty skills-lock.json.
