Usage: gskill projects list

List projects known to use the global store.

Examples:

    gskill projects list
    gskill projects list --json

Flags:
  -h, --help              Show context-sensitive help.
      --json              Emit machine-readable JSON on stdout.
      --quiet             Suppress diagnostics on stderr.
      --no-interactive    Disable prompts and colored output.
      --yes               Assume yes for confirmation prompts.
      --offline           Operate without network access.
      --no-cache          Bypass the content cache.
      --dry-run           Report actions without applying them.
      --config=STRING     Path to a config file.
  -v, --verbose           Enable verbose diagnostics.
  -C, --dir=STRING        Run as if gskill started in this directory.
