Usage: gskill project <command> [flags]

Manage this project's lockfile and installed state.

Flags:
  -h, --help              Show context-sensitive help.
      --json              Emit machine-readable JSON on stdout.
      --quiet             Suppress diagnostics on stderr.
      --no-interactive    Disable prompts and colored output.
      --yes               Assume yes for confirmation prompts.
      --offline           Operate without network access.
      --no-cache          Bypass the content cache.
      --dry-run           Report actions without applying them.
      --config=STRING     Path to a config file.
  -v, --verbose           Enable verbose diagnostics.
  -C, --dir=STRING        Run as if gskill started in this directory.

PROJECT (lockfile · installed state)
  project sync [flags]
    Reconcile disk to the lock's declared state (--prune removes managed
    orphans).

  project repair
    Re-materialize broken installs and clean up staging.

  project verify
    Re-hash installed content against the lockfile.

  project check [flags]
    Report fast drift status.

  project diff
    Show lock/disk differences.
