Usage: gskill remove <skills> ... [flags]

Uninstall skills and clean up.

Examples:

    gskill remove my-skill
    gskill remove my-skill other-skill --yes
    gskill remove my-skill other-skill --force

Arguments:
  <skills> ...    Skills to remove.

Flags:
  -h, --help              Show context-sensitive help.
      --json              Emit machine-readable JSON on stdout.
      --quiet             Suppress diagnostics on stderr.
      --no-interactive    Disable prompts and colored output.
      --yes               Assume yes for confirmation prompts.
      --offline           Operate without network access.
      --no-cache          Bypass the content cache.
      --dry-run           Report actions without applying them.
      --config=STRING     Path to a config file.
  -v, --verbose           Enable verbose diagnostics.
  -C, --dir=STRING        Run as if gskill started in this directory.

      --force             Skip confirmation and remove without a terminal.
