{
  "agents": [
    "claude"
  ],
  "changed": false,
  "initialized": false,
  "pruned": null,
  "skills": [
    {
      "computedHash": "",
      "error": "authentication failure: repository requires credentials",
      "failure": {
        "category": "authentication",
        "hint": "configure a token and retry",
        "message": "authentication failure: repository requires credentials",
        "phase": "fetching"
      },
      "name": "alpha",
      "phase": "fetching",
      "skillPath": "skills/alpha",
      "source": "github.com/acme/skills",
      "sourceType": "github",
      "status": "failed"
    }
  ],
  "status": "failure",
  "summary": {
    "cancelled": 0,
    "failed": 1,
    "installed": 0,
    "notAttempted": 0,
    "repaired": 0,
    "skipped": 0,
    "total": 1,
    "upToDate": 0
  }
}
