{
  "lockfile_version": 1,
  "skills": {
    "kubernetes-expert": {
      "source": {
        "type": "git",
        "original": "github.com/acme/widgets/kubernetes-expert",
        "url": "https://github.com/acme/widgets.git",
        "owner": "acme",
        "repo": "widgets",
        "path": "kubernetes-expert"
      },
      "requested": {
        "version": "^2.0.0"
      },
      "resolved": {
        "version": "2.1.3",
        "ref_kind": "semver",
        "tag": "v2.1.3",
        "commit": "6c58cfd49a71d86d7d225c61ea63d98c3df19bd1",
        "content_hash": "sha256:aaaa",
        "skill_file_hash": "sha256:bbbb",
        "mutable_ref": false
      },
      "metadata": {
        "name": "kubernetes-expert",
        "description": "Kubernetes operational guidance",
        "license": "MIT"
      },
      "requires": {
        "skills": [
          "shell-scripting >=1.2.0"
        ],
        "commands": [
          "kubectl",
          "helm"
        ],
        "environment": [
          "KUBECONFIG"
        ],
        "mcp": []
      },
      "installation": {
        "scope": "project",
        "mode": "symlink",
        "agents": [
          "claude",
          "codex"
        ],
        "active_path": ".agents/skills/kubernetes-expert",
        "targets": {
          "claude": ".claude/skills/kubernetes-expert",
          "codex": ".codex/skills/kubernetes-expert"
        },
        "modes": {
          "claude": "symlink",
          "codex": "symlink"
        }
      },
      "provenance": {
        "trust": "unverified"
      }
    }
  }
}
